// Vitest Snapshot v1, https://vitest.dev/guide/snapshot.html

exports[`PageTitle.vue > should render correctly 1`] = `
<div
  class="page-title"
  data-v-e17be9ee=""
>
  <h1
    data-v-e17be9ee=""
  >
    Page Title
  </h1>
  <p
    data-v-e17be9ee=""
  >
    A page title test description
  </p>
</div>
`;
