// Vitest Snapshot v1, https://vitest.dev/guide/snapshot.html

exports[`TableToolbar.vue > should render correctly 1`] = `
<div class="
  slide-enter-active
  slide-enter-from
  toolbar-container
">
  <div class="toolbar-content">
    <p class="toolbar-selected">
      12 global.action.selected
    </p>
    <div class="
      d-flex
      toolbar-actions
    ">
      <button
        class="d-block"
        variant="secondary"
      >
        global.action.cancel
      </button>
    </div>
  </div>
</div>
`;
