// Jest Snapshot v1, https://goo.gl/fbAQLP

exports[`TableToolbar.vue should render correctly 1`] = `
<div
  class="toolbar-container slide-enter-from slide-enter-active"
>
  <div
    class="toolbar-content"
  >
    <p
      class="toolbar-selected"
    >
      12 global.action.selected
    </p>
    <div
      class="toolbar-actions d-flex"
    >
      
      
      
      
      <button
        class="d-block"
        variant="secondary"
      >
        
        global.action.cancel
        
      </button>
    </div>
  </div>
</div>
`;
